After f.
1
2
6
n = 6
1
2
6

Execution ended with value:
()