42
42
17
17
42
42
0
0

Execution ended with value: 0