0 17 17 17 17 17 17 17 17 17 17 34 34 34 34 34 34 34 34 34 34 51 51 51 51 51 51 51 51 51 51 68 68 68 68 68 68 68 68 68 68 85

Execution ended with value:
()