f!
g!
h!
f!
g!
h!
fun!
f!
g!
h!
fun!
g!
h!
f!
fun!
fun!
funBag' 1
fun!
funBag' 2

Execution ended with value: ()