Error: cannot unify conflicting types: `(T a) -> (a -> Integer)`, `(T a) -> (a -> a)` resulting from declarations of the member `foo` of the type `T`.
Conflicting declarations:
 foo :: T a -> a -> a
Located at line 3 column 9
 foo :: T a -> a -> Integer
Located at line 8 column 9

Execution terminated with an error: type error.