Error: all fields must be assigned during value construction. Unassigned fields for 'List.NonEmpty' are: `tail`.
During evaluation of:
 val NonEmpty { head = 5 }

Located at line 20 column 28

Execution terminated with an error: type error.