Error: undeclared identifier `f`.
During evaluation of:
 f
Located at line 4 column 21

Execution terminated with an error: type error.