Error: all fields must be assigned during value construction. Unassigned fields for `List.NonEmpty` are: `tail`.
During evaluation of:
 val NonEmpty { head = 5 }

Located at line 17 column 10

Execution terminated with an error: runtime error.