Error: expression `1` of type 'Integer' cannot be used as a predicate in a conditional. 
During evaluation of: 
if 1 { 
    return n ;
    }

Located at line 3 column 3

Execution terminated with an error: type error.