Error: a `break` statement cannot be used outside of a loop body.
During evaluation of:
 break ;

Located at line 8 column 3

Execution terminated with an error: type error.