Error: unrecognized field identifiers during value construction. Type `List.Empty` has no fields: `head`.
During evaluation of:
 val Empty { head = 5 }

Located at line 20 column 28

Execution terminated with an error: type error.