Error: expression `"Str"` has invalid type 'String'; expected 'Integer'.
During evaluation of: 
 f n "Str"
Located at line 5 column 7

Execution terminated with an error: type error.