Error: type `RefBox Integer` has no member `a`.
During evaluation of:
  b . a
Located at line 25 column 12

Execution terminated with an error: type error.