Error: the variant `Empty` of `List` does not implement the function `head`.
During evaluation of:
  List . head
Located at line 19 column 8

Execution terminated with an error: runtime error.