Error: conflicting ctor names `Empty`, `NonEmpty`.
Conflicting declarations:
value Bag a b c d = {
  variant Empty = {
    } ;
  variant Bag = {
    data = {
      a :: a ;
      a :: b ;
      c :: c ;
      c :: d ;
      }
    } ;
  }

Located at line 18 column 1
value List a = {
  variant Empty = {
    } ;
  variant NonEmpty = {
    data = {
      head :: a ;
      }
    } ;
  variant NonEmpty = {
    data = {
      head :: a ;
      tail :: List a ;
      }
    } ;
  }

Located at line 1 column 1
value List a = {
  variant Empty = {
    } ;
  variant NonEmpty = {
    data = {
      head :: a ;
      }
    } ;
  variant NonEmpty = {
    data = {
      head :: a ;
      tail :: List a ;
      }
    } ;
  }

Located at line 1 column 1
value List a = {
  variant Empty = {
    } ;
  variant NonEmpty = {
    data = {
      head :: a ;
      }
    } ;
  variant NonEmpty = {
    data = {
      head :: a ;
      tail :: List a ;
      }
    } ;
  }

Located at line 1 column 1


Execution terminated with an error: type error.